// Jest Snapshot v1, https://goo.gl/fbAQLP

exports[`<NotFoundPage /> tests should render and match the snapshot 1`] = `
<div
  class="css-1kl4iw3 e18gl1ph1"
>
  <p
    class="css-1s7p6g7 e17qkzd60"
    data-testid="details"
  >
    Oops you ran out of Oxygen!, dont worry, you can go back home and start exploring again!
  </p>
  <button
    class="css-1v20wh2 e18gl1ph0"
    data-testid="back-button"
  >
    Go Back
  </button>
  <div
    class="ant-image"
  >
    <img
      class="ant-image-img css-1y6wh7i e18gl1ph2"
      src="IMAGE_MOCK"
    />
  </div>
</div>
`;
