// Jest Snapshot v1, https://goo.gl/fbAQLP

exports[`<ErrorHandler /> should render and match the snapshot 1`] = `
<body>
  <div>
    <div
      class="MuiPaper-root MuiPaper-outlined MuiPaper-rounded MuiCard-root ep6oj70 css-1m5ilaz-MuiPaper-root-MuiCard-root"
      data-testid="error-card"
    >
      <p
        class="css-1irx5r2 e17qkzd60"
        data-testid="error-message"
      >
        something_went_wrong
      </p>
    </div>
  </div>
</body>
`;
