// Jest Snapshot v1, https://goo.gl/fbAQLP

exports[`<App /> container tests should render and match the snapshot 1`] = `
<div>
  <div>
    <div
      class="InputSearchBox__InputContainer-d9b2by-0 jSCzWJ"
    >
      <label
        class="InputSearchBox__CustomLabel-d9b2by-1 lnilR"
      >
        Search your favourite singer
      </label>
      <input
        class="ant-input InputSearchBox__CustomInput-d9b2by-2 vkirg"
        placeholder="search here"
        type="text"
        value=""
      />
    </div>
    <div
      class="ant-row ItuneCard__CustomRow-sc-1g3ywlw-0 biCXNC"
    />
  </div>
</div>
`;
