// Jest Snapshot v1, https://goo.gl/fbAQLP

exports[`<HomeContainer /> tests should render and match the snapshot 1`] = `
<body>
  <div>
    <div
      class="css-1y8omlv eyau1gq5"
    >
      <div
        class="css-43zxl1 eyau1gq4"
      >
        <div
          class="MuiInputBase-root MuiOutlinedInput-root MuiInputBase-colorPrimary Mui-focused MuiInputBase-adornedEnd eyau1gq3 css-f2s711-MuiInputBase-root-MuiOutlinedInput-root"
        >
          <input
            class="MuiInputBase-input MuiOutlinedInput-input MuiInputBase-inputAdornedEnd css-nxo287-MuiInputBase-input-MuiOutlinedInput-input"
            data-testid="search-bar"
            placeholder="SEARCH BY MISSION NAME"
            type="text"
            value=""
          />
          <div
            class="MuiInputAdornment-root MuiInputAdornment-positionEnd css-1laqsz7-MuiInputAdornment-root"
          >
            <button
              aria-label="search repos"
              class="MuiButtonBase-root MuiIconButton-root MuiIconButton-sizeMedium css-78trlr-MuiButtonBase-root-MuiIconButton-root"
              data-testid="search-icon"
              tabindex="0"
              type="button"
            >
              <svg
                aria-hidden="true"
                class="MuiSvgIcon-root MuiSvgIcon-fontSizeMedium css-i4bv87-MuiSvgIcon-root"
                data-testid="SearchIcon"
                focusable="false"
                viewBox="0 0 24 24"
              >
                <path
                  d="M15.5 14h-.79l-.28-.27C15.41 12.59 16 11.11 16 9.5 16 5.91 13.09 3 9.5 3S3 5.91 3 9.5 5.91 16 9.5 16c1.61 0 3.09-.59 4.23-1.57l.27.28v.79l5 4.99L20.49 19l-4.99-5zm-6 0C7.01 14 5 11.99 5 9.5S7.01 5 9.5 5 14 7.01 14 9.5 11.99 14 9.5 14z"
                />
              </svg>
              <span
                class="MuiTouchRipple-root css-8je8zh-MuiTouchRipple-root"
              />
            </button>
          </div>
          <fieldset
            aria-hidden="true"
            class="MuiOutlinedInput-notchedOutline css-1d3z3hw-MuiOutlinedInput-notchedOutline"
          >
            <legend
              class="css-ihdtdm"
            >
              <span
                class="notranslate"
              >
                ​
              </span>
            </legend>
          </fieldset>
        </div>
        <div
          class="css-aj6rbz eyau1gq2"
        >
          <button
            class="MuiButtonBase-root MuiButton-root MuiButton-contained MuiButton-containedPrimary MuiButton-sizeMedium MuiButton-containedSizeMedium Mui-disabled MuiButton-root MuiButton-contained MuiButton-containedPrimary MuiButton-sizeMedium MuiButton-containedSizeMedium css-189o1ab-MuiButtonBase-root-MuiButton-root"
            data-testid="clear-sort"
            disabled=""
            tabindex="-1"
            type="button"
          >
            CLEAR SORT
          </button>
          <div
            class="MuiInputBase-root MuiOutlinedInput-root MuiInputBase-colorPrimary eyau1gq1 css-16dbog3-MuiInputBase-root-MuiOutlinedInput-root-MuiSelect-root"
          >
            <div
              aria-expanded="false"
              aria-haspopup="listbox"
              aria-labelledby="sort-select"
              class="MuiSelect-select MuiSelect-outlined MuiInputBase-input MuiOutlinedInput-input css-11u53oe-MuiSelect-select-MuiInputBase-input-MuiOutlinedInput-input"
              id="sort-select"
              role="button"
              tabindex="0"
            >
              SORT BY DATE
            </div>
            <input
              aria-hidden="true"
              class="MuiSelect-nativeInput css-yf8vq0-MuiSelect-nativeInput"
              data-testid="sort-select"
              tabindex="-1"
              value="default"
            />
            <svg
              aria-hidden="true"
              class="MuiSvgIcon-root MuiSvgIcon-fontSizeMedium MuiSelect-icon MuiSelect-iconOutlined css-hfutr2-MuiSvgIcon-root-MuiSelect-icon"
              data-testid="ArrowDropDownIcon"
              focusable="false"
              viewBox="0 0 24 24"
            >
              <path
                d="M7 10l5 5 5-5z"
              />
            </svg>
            <fieldset
              aria-hidden="true"
              class="MuiOutlinedInput-notchedOutline css-1d3z3hw-MuiOutlinedInput-notchedOutline"
            >
              <legend
                class="css-ihdtdm"
              >
                <span
                  class="notranslate"
                >
                  ​
                </span>
              </legend>
            </fieldset>
          </div>
        </div>
      </div>
      <span
        class="MuiSkeleton-root MuiSkeleton-text MuiSkeleton-wave css-1etr2k8-MuiSkeleton-root"
        data-testid="skeleton"
        style="height: 40px;"
      />
      <span
        class="MuiSkeleton-root MuiSkeleton-text MuiSkeleton-wave css-1etr2k8-MuiSkeleton-root"
        data-testid="skeleton"
        style="height: 40px;"
      />
      <span
        class="MuiSkeleton-root MuiSkeleton-text MuiSkeleton-wave css-1etr2k8-MuiSkeleton-root"
        data-testid="skeleton"
        style="height: 40px;"
      />
      <div
        class="css-wb501w eyau1gq0"
      >
        <button
          class="MuiButtonBase-root MuiButton-root MuiButton-contained MuiButton-containedPrimary MuiButton-sizeMedium MuiButton-containedSizeMedium Mui-disabled MuiButton-root MuiButton-contained MuiButton-containedPrimary MuiButton-sizeMedium MuiButton-containedSizeMedium css-1f12csb-MuiButtonBase-root-MuiButton-root"
          data-testid="prev-btn"
          disabled=""
          tabindex="-1"
          type="button"
        >
          PREV
        </button>
        <button
          class="MuiButtonBase-root MuiButton-root MuiButton-contained MuiButton-containedPrimary MuiButton-sizeMedium MuiButton-containedSizeMedium Mui-disabled MuiButton-root MuiButton-contained MuiButton-containedPrimary MuiButton-sizeMedium MuiButton-containedSizeMedium css-1f12csb-MuiButtonBase-root-MuiButton-root"
          data-testid="next-btn"
          disabled=""
          tabindex="-1"
          type="button"
        >
          NEXT
        </button>
      </div>
    </div>
  </div>
</body>
`;
