// Jest Snapshot v1, https://goo.gl/fbAQLP

exports[`<Clickable /> component tests should render and match the snapshot 1`] = `
<body>
  <div>
    <div
      class="css-8v742f erdo1t50"
      data-testid="clickable"
    >
      <p
        class="css-1irx5r2 e17qkzd60"
        data-testid="t"
      >
        List of launches
      </p>
    </div>
  </div>
</body>
`;
