// Jest Snapshot v1, https://goo.gl/fbAQLP

exports[`<ItuneCard /> should render and match the snapshot 1`] = `
<body>
  <div>
    <div
      class="ant-card ant-card-bordered ant-card-hoverable ItuneCard__CustomCard-sc-1g3ywlw-0 YOMkc"
    >
      <div
        class="ant-card-cover"
      >
        <img
          class="ItuneCard__StyledImg-sc-1g3ywlw-1 dHbSaT"
          data-testid="cover-img"
          loading="lazy"
          src="https://is1-ssl.mzstatic.com/image/thumb/Music112/v4/3b/cc/31/3bcc315a-e58f-c678-8d05-b7d62346070f/1d724fe3-daaa-4825-91f0-a47e70a438bd.jpg/100x100bb.jpg"
        />
      </div>
      <div
        class="ant-card-body"
        style="padding: 10px;"
      >
        <div
          class="ant-card-meta ItuneCard__StyledMeta-sc-1g3ywlw-3 gbJaIc"
        >
          <div
            class="ant-card-meta-detail"
          >
            <div
              class="ant-card-meta-title"
            >
              Yung Xiety
            </div>
            <div
              class="ant-card-meta-description"
            >
              Arijit Singh (Mashup) - Single
            </div>
          </div>
        </div>
        <audio
          controls=""
          data-testid="audio-element"
          src="https://audio-ssl.itunes.apple.com/itunes-assets/AudioPreview122/v4/90/d6/0d/90d60d3b-2b95-8c84-f9aa-f69a2793d22c/mzaf_17815855687762407827.plus.aac.p.m4a"
        >
          <a
            href="https://audio-ssl.itunes.apple.com/itunes-assets/AudioPreview122/v4/90/d6/0d/90d60d3b-2b95-8c84-f9aa-f69a2793d22c/mzaf_17815855687762407827.plus.aac.p.m4a"
          >
            Audio Preview
          </a>
        </audio>
      </div>
    </div>
  </div>
</body>
`;

exports[`<ItuneCard /> should render and match the snapshot when song object is empty 1`] = `
<body>
  <div />
</body>
`;
